[36mvite v7.3.1 [32mbuilding client environment for production...[36m[39m
transforming...
[32mΓ£ô[39m 1133 modules transformed.
node.exe : [31mΓ£ù[39m Build failed in 3.14s
At C:\Program Files\nodejs\npx.ps1:29 char:3
+   & $NODE_EXE $NPX_CLI_JS $args
+   ~~~~~~~~~~~~~~~~~~~~~~~~~~~~~
    + CategoryInfo          : NotSpecified: ([31mΓ£ 
   ù[39m Build failed in 3.14s:String) [], RemoteE  
  xception
    + FullyQualifiedErrorId : NativeCommandError
 
[31merror during build:
[31m[vite:load-fallback] Could not load 
C:\Users\WALMAK\Downloads\tchova-digital-main 
v2\src/components/ClowdBotPanel (imported by 
src/pages/Admin.tsx): ENOENT: no such file or 
directory, open 
'C:\Users\WALMAK\Downloads\tchova-digital-main 
v2\src\components\ClowdBotPanel'[31m
    at async open (node:internal/fs/promises:640:25)
    at async Object.readFile 
(node:internal/fs/promises:1244:14)
    at async Object.handler (file:///C:/Users/WALMAK/
Downloads/tchova-digital-main%20v2/node_modules/vite/
dist/node/chunks/config.js:33169:21)
    at async PluginDriver.hookFirstAndGetPlugin (file
:///C:/Users/WALMAK/Downloads/tchova-digital-main%20v
2/node_modules/rollup/dist/es/shared/node-entry.js:22
453:28)
    at async file:///C:/Users/WALMAK/Downloads/tchova
-digital-main%20v2/node_modules/rollup/dist/es/shared
/node-entry.js:21445:33
    at async Queue.work (file:///C:/Users/WALMAK/Down
loads/tchova-digital-main%20v2/node_modules/rollup/di
st/es/shared/node-entry.js:22681:32)[39m
